HI-TECH Software C Compiler 

Linker command line:

--edf=C:\Program Files (x86)\HI-TECH Software\PICC\9.81\dat\en_msgs.txt -cs \
  -h+gsm.sym -z -Q16F877A -ol.obj -Mgsm.map -E1 -ACONST=00h-0FFhx32 \
  -ACODE=00h-07FFhx4 -ASTRCODE=00h-01FFFh -AENTRY=00h-0FFhx32 \
  -ASTRING=00h-0FFhx32 -ABANK0=020h-06Fh -ABANK1=0A0h-0EFh \
  -ABANK2=0110h-016Fh -ABANK3=0190h-01EFh \
  -ARAM=020h-06Fh,0A0h-0EFh,0110h-016Fh,0190h-01EFh \
  -AABS1=020h-07Fh,0A0h-0EFh,0110h-016Fh,0190h-01EFh -ACOMMON=070h-07Fh \
  -ASFR0=00h-01Fh -ASFR1=080h-09Fh -ASFR2=0100h-010Fh -ASFR3=0180h-018Fh \
  -preset_vec=00h,intentry,init,end_init -ppowerup=CODE -pfunctab=CODE \
  -ACONFIG=02007h-02007h -pconfig=CONFIG -DCONFIG=2 -AIDLOC=02000h-02003h \
  -pidloc=IDLOC -DIDLOC=2 -AEEDATA=00h-0FFh/02100h -peeprom_data=EEDATA \
  -DEEDATA=2 -DCODE=2 -DSTRCODE=2 -DSTRING=2 -DCONST=2 -DENTRY=2 -k \
  startup.obj gsm.obj 

Object code version is 3.10

Machine type is 16F877A



                Name                               Link     Load   Length Selector   Space Scale
startup.obj     end_init                              0        0        3        0       0
gsm.obj         config                             2007     2007        1     400E       0
                text167                             625      625        C      C4A       0
                text166                             61A      61A        B      C34       0
                text165                             652      652       15      CA4       0
                text164                             667      667       1A      CCE       0
                text163                             74C      74C       B4      E98       0
                maintext                            631      631       10      C62       0
                cstackCOMMON                         70       70        8       70       1
                inittext                            641      641       11      C82       0
                dataBANK1                            A0       A0       50       A0       1
                dataBANK0                            20       20       44       20       1
                dataCOMMON                           78       78        4       70       1
                cinit                               681      681       37      D02       0
                idataBANK1                          6FC      6FC       50      DF8       0
                idataCOMMON                         616      616        4      C2C       0
                idataBANK0                          6B8      6B8       44      D70       0

TOTAL           Name                               Link     Load   Length     Space
        CLASS   CONST          

        CLASS   CODE           
                end_init                              0        0        3         0
                text167                             625      625        C         0
                text166                             61A      61A        B         0
                text165                             652      652       15         0
                text164                             667      667       1A         0
                text163                             74C      74C       B4         0
                maintext                            631      631       10         0
                inittext                            641      641       11         0
                cinit                               681      681       37         0
                idataBANK1                          6FC      6FC       50         0
                idataCOMMON                         616      616        4         0
                idataBANK0                          6B8      6B8       44         0

        CLASS   STRCODE        

        CLASS   ENTRY          

        CLASS   STRING         

        CLASS   BANK0          
                dataBANK0                            20       20       44         1

        CLASS   BANK1          
                dataBANK1                            A0       A0       50         1

        CLASS   BANK2          

        CLASS   BANK3          

        CLASS   RAM            

        CLASS   ABS1           
                abs_s1                               7E       7E        2         1

        CLASS   COMMON         
                cstackCOMMON                         70       70        8         1
                dataCOMMON                           78       78        4         1

        CLASS   SFR0           

        CLASS   SFR1           

        CLASS   SFR2           

        CLASS   SFR3           

        CLASS   CONFIG         
                config                             2007     2007        1         0

        CLASS   IDLOC          

        CLASS   EEDATA         



SEGMENTS        Name                           Load    Length   Top    Selector   Space  Class     Delta

                reset_vec                      000000  000003  000003         0       0  CODE        2
                dataBANK0                      000020  000044  000064        20       1  BANK0       1
                cstackCOMMON                   000070  00000C  00007C        70       1  COMMON      1
                dataBANK1                      0000A0  000050  0000F0        A0       1  BANK1       1
                idataCOMMON                    000616  000004  00061A       C2C       0  CODE        2
                text166                        00061A  00000B  000625       C34       0  CODE        2
                text167                        000625  00000C  000631       C4A       0  CODE        2
                maintext                       000631  000010  000641       C62       0  CODE        2
                inittext                       000641  000011  000652       C82       0  CODE        2
                text165                        000652  000015  000667       CA4       0  CODE        2
                text164                        000667  00001A  000681       CCE       0  CODE        2
                cinit                          000681  000037  0006B8       D02       0  CODE        2
                idataBANK0                     0006B8  000044  0006FC       D70       0  CODE        2
                idataBANK1                     0006FC  000050  00074C       DF8       0  CODE        2
                text163                        00074C  0000B4  000800       E98       0  CODE        2
                config                         002007  000001  002008      400E       0  CONFIG      2


UNUSED ADDRESS RANGES

        Name                Unused          Largest block    Delta
        BANK0            0064-006F              C           1
        BANK2            0110-016F             60           1
        BANK3            0190-01EF             60           1
        CODE             0003-0615            613           2
                         0800-1FFF            800
        COMMON           007C-007D              2           1
        CONST            0003-0615            100           2
                         0800-1FFF            100
        EEDATA           2100-21FF            100           2
        ENTRY            0003-0615            100           2
                         0800-1FFF            100
        IDLOC            2000-2003              4           2
        RAM              0064-006F              C           1
                         0110-016F             60
                         0190-01EF             60
        SFR0             0000-001F             20           1
        SFR1             0080-009F             20           1
        SFR2             0100-010F             10           1
        SFR3             0180-018F             10           1
        STRCODE          0003-0615            613           2
                         0800-1FFF           1800
        STRING           0003-0615            100           2
                         0800-1FFF            100

                                  Symbol Table

??_LED                cstackCOMMON 0070
??_Uart_tx            cstackCOMMON 0070
??_main               cstackCOMMON 0078
??_pir_sensor         cstackCOMMON 0073
??_uart_init          cstackCOMMON 0070
??_uart_print         cstackCOMMON 0071
?_LED                 cstackCOMMON 0070
?_Uart_tx             cstackCOMMON 0070
?_main                cstackCOMMON 0070
?_pir_sensor          cstackCOMMON 0070
?_uart_init           cstackCOMMON 0070
?_uart_print          cstackCOMMON 0070
Uart_tx@data          cstackCOMMON 0070
_AT                   dataBANK0    005F
_LED                  text166      061A
_RCIF                 (abs)        0065
_RCREG                (abs)        001A
_RCSTA                (abs)        0018
_RD0                  (abs)        0040
_RD1                  (abs)        0041
_SPBRG                (abs)        0099
_TRISC6               (abs)        043E
_TRISC7               (abs)        043F
_TRISD0               (abs)        0440
_TRISD1               (abs)        0441
_TXIF                 (abs)        0064
_TXREG                (abs)        0019
_TXSTA                (abs)        0098
_Uart_tx              text167      0625
__Habs1               abs1         0000
__Hbank0              bank0        0000
__Hbank1              bank1        0000
__Hbank2              bank2        0000
__Hbank3              bank3        0000
__Hcinit              cinit        0000
__Hclrtext            clrtext      0000
__Hcode               code         0000
__Hcommon             common       0000
__Hconfig             config       2008
__HcstackCOMMON       cstackCOMMON 0000
__HdataBANK0          dataBANK0    0000
__HdataBANK1          dataBANK1    0000
__HdataCOMMON         dataCOMMON   0000
__Heeprom_data        eeprom_data  0000
__Hend_init           end_init     0003
__Hfunctab            functab      0000
__HidataBANK0         idataBANK0   0000
__HidataBANK1         idataBANK1   0000
__HidataCOMMON        idataCOMMON  0000
__Hidloc              idloc        0000
__Hinit               init         0000
__Hinittext           inittext     0000
__Hintentry           intentry     0000
__Hmaintext           maintext     0000
__Hpowerup            powerup      0000
__Hram                ram          0000
__Hreset_vec          reset_vec    0000
__Hsfr0               sfr0         0000
__Hsfr1               sfr1         0000
__Hsfr2               sfr2         0000
__Hsfr3               sfr3         0000
__Hstrings            strings      0000
__Htext               text         0000
__Labs1               abs1         0000
__Lbank0              bank0        0000
__Lbank1              bank1        0000
__Lbank2              bank2        0000
__Lbank3              bank3        0000
__Lcinit              cinit        0000
__Lclrtext            clrtext      0000
__Lcode               code         0000
__Lcommon             common       0000
__Lconfig             config       2007
__LcstackCOMMON       cstackCOMMON 0000
__LdataBANK0          dataBANK0    0000
__LdataBANK1          dataBANK1    0000
__LdataCOMMON         dataCOMMON   0000
__Leeprom_data        eeprom_data  0000
__Lend_init           end_init     0000
__Lfunctab            functab      0000
__LidataBANK0         idataBANK0   0000
__LidataBANK1         idataBANK1   0000
__LidataCOMMON        idataCOMMON  0000
__Lidloc              idloc        0000
__Linit               init         0000
__Linittext           inittext     0000
__Lintentry           intentry     0000
__Lmaintext           maintext     0000
__Lpowerup            powerup      0000
__Lram                ram          0000
__Lreset_vec          reset_vec    0000
__Lsfr0               sfr0         0000
__Lsfr1               sfr1         0000
__Lsfr2               sfr2         0000
__Lsfr3               sfr3         0000
__Lstrings            strings      0000
__Ltext               text         0000
__S0                  (abs)        2008
__S1                  (abs)        00F0
__S2                  (abs)        0000
__end_of_LED          text166      0625
__end_of_Uart_tx      text167      0631
__end_of_main         maintext     0641
__end_of_pir_sensor   text163      0800
__end_of_uart_init    text165      0667
__end_of_uart_print   text164      0681
__pcstackCOMMON       cstackCOMMON 0070
__pdataBANK0          dataBANK0    0020
__pdataBANK1          dataBANK1    00A0
__pdataCOMMON         dataCOMMON   0078
__pidataBANK0         idataBANK0   06B8
__pidataBANK1         idataBANK1   06FC
__pidataCOMMON        idataCOMMON  0616
__pmaintext           maintext     0631
__ptext163            text163      074C
__ptext164            text164      0667
__ptext165            text165      0652
__ptext166            text166      061A
__ptext167            text167      0625
__ptext168            text168      0000
__size_of_LED         (abs)        0000
__size_of_Uart_tx     (abs)        0000
__size_of_main        (abs)        0000
__size_of_pir_sensor  (abs)        0000
__size_of_uart_init   (abs)        0000
__size_of_uart_print  (abs)        0000
_atcall               dataBANK0    002E
_char_mode            dataBANK0    0034
_exit                 init         0000
_main                 maintext     0631
_mesg                 dataBANK0    0044
_mobile_no            dataBANK1    00A0
_mode_text            dataBANK0    0053
_noecho               dataBANK0    0020
_nomesg               dataBANK1    00CC
_param                dataBANK1    00B7
_ph                   dataBANK1    00DF
_pir_sensor           text163      074C
_stop                 dataCOMMON   0078
_terminator           dataBANK0    0027
_uart_init            text165      0652
_uart_print           text164      0667
btemp                 (abs)        007E
end_of_initialization cinit        06B4
init_fetch            inittext     0641
init_ram              inittext     0645
intlevel0             functab      0000
intlevel1             functab      0000
intlevel2             functab      0000
intlevel3             functab      0000
intlevel4             functab      0000
intlevel5             functab      0000
pir_sensor@j          cstackCOMMON 0076
reset_vec             reset_vec    0000
start                 init         0000
start_initialization  cinit        0681
uart_print@str        cstackCOMMON 0072
wtemp0                (abs)        007E
