HI-TECH Software C Compiler 

Linker command line:

--edf=C:\Program Files (x86)\HI-TECH Software\PICC\9.81\dat\en_msgs.txt -cs \
  -h+gsmproject.sym -z -Q16F877A -ol.obj -Mgsmproject.map -E1 \
  -ACONST=00h-0FFhx32 -ACODE=00h-07FFhx4 -ASTRCODE=00h-01FFFh \
  -AENTRY=00h-0FFhx32 -ASTRING=00h-0FFhx32 -ABANK0=020h-06Fh \
  -ABANK1=0A0h-0EFh -ABANK2=0110h-016Fh -ABANK3=0190h-01EFh \
  -ARAM=020h-06Fh,0A0h-0EFh,0110h-016Fh,0190h-01EFh \
  -AABS1=020h-07Fh,0A0h-0EFh,0110h-016Fh,0190h-01EFh -ACOMMON=070h-07Fh \
  -ASFR0=00h-01Fh -ASFR1=080h-09Fh -ASFR2=0100h-010Fh -ASFR3=0180h-018Fh \
  -preset_vec=00h,intentry,init,end_init -ppowerup=CODE -pfunctab=CODE \
  -ACONFIG=02007h-02007h -pconfig=CONFIG -DCONFIG=2 -AIDLOC=02000h-02003h \
  -pidloc=IDLOC -DIDLOC=2 -AEEDATA=00h-0FFh/02100h -peeprom_data=EEDATA \
  -DEEDATA=2 -DCODE=2 -DSTRCODE=2 -DSTRING=2 -DCONST=2 -DENTRY=2 -k \
  startup.obj gsmproject.obj 

Object code version is 3.10

Machine type is 16F877A



                Name                               Link     Load   Length Selector   Space Scale
startup.obj     end_init                              0        0        3        0       0
gsmproject.obj  config                             2007     2007        1     400E       0
                text255                             599      599        C      B32       0
                text254                             58E      58E        B      B1C       0
                text253                             5CA      5CA       15      B94       0
                text252                             61E      61E       1A      C3C       0
                text251                             5DF      5DF       15      BBE       0
                text250                             5F4      5F4       15      BE8       0
                text249                             685      685       31      D0A       0
                text248                             657      657       2E      CAE       0
                text247                             6FC      6FC      104      DF8       0
                maintext                            609      609       15      C12       0
                cstackCOMMON                         70       70        C       70       1
                inittext                            5A5      5A5       11      B4A       0
                dataBANK1                            A0       A0       14       A0       1
                dataBANK0                            20       20       46       20       1
                cinit                               638      638       1F      C70       0
                strings                               3        3       38        6       0
                idataBANK1                          5B6      5B6       14      B6C       0
                idataBANK0                          6B6      6B6       46      D6C       0

TOTAL           Name                               Link     Load   Length     Space
        CLASS   CONST          

        CLASS   CODE           
                end_init                              0        0        3         0
                text255                             599      599        C         0
                text254                             58E      58E        B         0
                text253                             5CA      5CA       15         0
                text252                             61E      61E       1A         0
                text251                             5DF      5DF       15         0
                text250                             5F4      5F4       15         0
                text249                             685      685       31         0
                text248                             657      657       2E         0
                text247                             6FC      6FC      104         0
                maintext                            609      609       15         0
                inittext                            5A5      5A5       11         0
                cinit                               638      638       1F         0
                idataBANK1                          5B6      5B6       14         0
                idataBANK0                          6B6      6B6       46         0

        CLASS   STRCODE        

        CLASS   ENTRY          

        CLASS   STRING         
                strings                               3        3       38         0

        CLASS   BANK0          
                dataBANK0                            20       20       46         1

        CLASS   BANK1          
                dataBANK1                            A0       A0       14         1

        CLASS   BANK2          

        CLASS   BANK3          

        CLASS   RAM            

        CLASS   ABS1           
                abs_s1                               7E       7E        2         1

        CLASS   COMMON         
                cstackCOMMON                         70       70        C         1

        CLASS   SFR0           

        CLASS   SFR1           

        CLASS   SFR2           

        CLASS   SFR3           

        CLASS   CONFIG         
                config                             2007     2007        1         0

        CLASS   IDLOC          

        CLASS   EEDATA         



SEGMENTS        Name                           Load    Length   Top    Selector   Space  Class     Delta

                reset_vec                      000000  000003  000003         0       0  CODE        2
                strings                        000003  000038  00003B         6       0  STRING      2
                dataBANK0                      000020  000046  000066        20       1  BANK0       1
                cstackCOMMON                   000070  00000C  00007C        70       1  COMMON      1
                dataBANK1                      0000A0  000014  0000B4        A0       1  BANK1       1
                text254                        00058E  00000B  000599       B1C       0  CODE        2
                text255                        000599  00000C  0005A5       B32       0  CODE        2
                inittext                       0005A5  000011  0005B6       B4A       0  CODE        2
                idataBANK1                     0005B6  000014  0005CA       B6C       0  CODE        2
                text253                        0005CA  000015  0005DF       B94       0  CODE        2
                text251                        0005DF  000015  0005F4       BBE       0  CODE        2
                text250                        0005F4  000015  000609       BE8       0  CODE        2
                maintext                       000609  000015  00061E       C12       0  CODE        2
                text252                        00061E  00001A  000638       C3C       0  CODE        2
                cinit                          000638  00001F  000657       C70       0  CODE        2
                text248                        000657  00002E  000685       CAE       0  CODE        2
                text249                        000685  000031  0006B6       D0A       0  CODE        2
                idataBANK0                     0006B6  000046  0006FC       D6C       0  CODE        2
                text247                        0006FC  000104  000800       DF8       0  CODE        2
                config                         002007  000001  002008      400E       0  CONFIG      2


UNUSED ADDRESS RANGES

        Name                Unused          Largest block    Delta
        BANK0            0066-006F              A           1
        BANK1            00B4-00EF             3C           1
        BANK2            0110-016F             60           1
        BANK3            0190-01EF             60           1
        CODE             003B-058D            553           2
                         0800-1FFF            800
        COMMON           007C-007D              2           1
        CONST            003B-058D            100           2
                         0800-1FFF            100
        EEDATA           2100-21FF            100           2
        ENTRY            003B-058D            100           2
                         0800-1FFF            100
        IDLOC            2000-2003              4           2
        RAM              0066-006F              A           1
                         00B4-00EF             3C
                         0110-016F             60
                         0190-01EF             60
        SFR0             0000-001F             20           1
        SFR1             0080-009F             20           1
        SFR2             0100-010F             10           1
        SFR3             0180-018F             10           1
        STRCODE          003B-058D            553           2
                         0800-1FFF           1800
        STRING           003B-058D            100           2
                         0800-1FFF            100

                                  Symbol Table

??_lcd_cmd            cstackCOMMON 0070
??_lcd_data           cstackCOMMON 0070
??_lcd_init           cstackCOMMON 0073
??_lcd_print          cstackCOMMON 0073
??_led                cstackCOMMON 0070
??_main               cstackCOMMON 007C
??_sensor             cstackCOMMON 0077
??_uart_init          cstackCOMMON 0070
??_uart_print         cstackCOMMON 0071
??_uart_tx            cstackCOMMON 0070
?_lcd_cmd             cstackCOMMON 0070
?_lcd_data            cstackCOMMON 0070
?_lcd_init            cstackCOMMON 0070
?_lcd_print           cstackCOMMON 0070
?_led                 cstackCOMMON 0070
?_main                cstackCOMMON 0070
?_sensor              cstackCOMMON 0070
?_uart_init           cstackCOMMON 0070
?_uart_print          cstackCOMMON 0070
?_uart_tx             cstackCOMMON 0070
_AT                   dataBANK0    0061
_PORTB                (abs)        0006
_RC0                  (abs)        0038
_RC1                  (abs)        0039
_RC2                  (abs)        003A
_RCIF                 (abs)        0065
_RCREG                (abs)        001A
_RCSTA                (abs)        0018
_RD0                  (abs)        0040
_RD1                  (abs)        0041
_SPBRG                (abs)        0099
_TRISB                (abs)        0086
_TRISC0               (abs)        0438
_TRISC1               (abs)        0439
_TRISC2               (abs)        043A
_TRISC6               (abs)        043E
_TRISC7               (abs)        043F
_TRISD0               (abs)        0440
_TRISD1               (abs)        0441
_TXIF                 (abs)        0064
_TXREG                (abs)        0019
_TXSTA                (abs)        0098
__Habs1               abs1         0000
__Hbank0              bank0        0000
__Hbank1              bank1        0000
__Hbank2              bank2        0000
__Hbank3              bank3        0000
__Hcinit              cinit        0000
__Hclrtext            clrtext      0000
__Hcode               code         0000
__Hcommon             common       0000
__Hconfig             config       2008
__HcstackCOMMON       cstackCOMMON 0000
__HdataBANK0          dataBANK0    0000
__HdataBANK1          dataBANK1    0000
__Heeprom_data        eeprom_data  0000
__Hend_init           end_init     0003
__Hfunctab            functab      0000
__HidataBANK0         idataBANK0   0000
__HidataBANK1         idataBANK1   0000
__Hidloc              idloc        0000
__Hinit               init         0000
__Hinittext           inittext     0000
__Hintentry           intentry     0000
__Hmaintext           maintext     0000
__Hpowerup            powerup      0000
__Hram                ram          0000
__Hreset_vec          reset_vec    0000
__Hsfr0               sfr0         0000
__Hsfr1               sfr1         0000
__Hsfr2               sfr2         0000
__Hsfr3               sfr3         0000
__Hstrings            strings      0000
__Htext               text         0000
__Labs1               abs1         0000
__Lbank0              bank0        0000
__Lbank1              bank1        0000
__Lbank2              bank2        0000
__Lbank3              bank3        0000
__Lcinit              cinit        0000
__Lclrtext            clrtext      0000
__Lcode               code         0000
__Lcommon             common       0000
__Lconfig             config       2007
__LcstackCOMMON       cstackCOMMON 0000
__LdataBANK0          dataBANK0    0000
__LdataBANK1          dataBANK1    0000
__Leeprom_data        eeprom_data  0000
__Lend_init           end_init     0000
__Lfunctab            functab      0000
__LidataBANK0         idataBANK0   0000
__LidataBANK1         idataBANK1   0000
__Lidloc              idloc        0000
__Linit               init         0000
__Linittext           inittext     0000
__Lintentry           intentry     0000
__Lmaintext           maintext     0000
__Lpowerup            powerup      0000
__Lram                ram          0000
__Lreset_vec          reset_vec    0000
__Lsfr0               sfr0         0000
__Lsfr1               sfr1         0000
__Lsfr2               sfr2         0000
__Lsfr3               sfr3         0000
__Lstrings            strings      0000
__Ltext               text         0000
__S0                  (abs)        2008
__S1                  (abs)        00B4
__S2                  (abs)        0000
__end_of_lcd_cmd      text251      05F4
__end_of_lcd_data     text250      0609
__end_of_lcd_init     text249      06B6
__end_of_lcd_print    text248      0685
__end_of_led          text254      0599
__end_of_main         maintext     061E
__end_of_sensor       text247      0800
__end_of_uart_init    text253      05DF
__end_of_uart_print   text252      0638
__end_of_uart_tx      text255      05A5
__pcstackCOMMON       cstackCOMMON 0070
__pdataBANK0          dataBANK0    0020
__pdataBANK1          dataBANK1    00A0
__pidataBANK0         idataBANK0   06B6
__pidataBANK1         idataBANK1   05B6
__pmaintext           maintext     0609
__pstrings            strings      0003
__ptext247            text247      06FC
__ptext248            text248      0657
__ptext249            text249      0685
__ptext250            text250      05F4
__ptext251            text251      05DF
__ptext252            text252      061E
__ptext253            text253      05CA
__ptext254            text254      058E
__ptext255            text255      0599
__ptext256            text256      0000
__size_of_lcd_cmd     (abs)        0000
__size_of_lcd_data    (abs)        0000
__size_of_lcd_init    (abs)        0000
__size_of_lcd_print   (abs)        0000
__size_of_led         (abs)        0000
__size_of_main        (abs)        0000
__size_of_sensor      (abs)        0000
__size_of_uart_init   (abs)        0000
__size_of_uart_print  (abs)        0000
__size_of_uart_tx     (abs)        0000
_exit                 init         0000
_lcd_cmd              text251      05DF
_lcd_data             text250      05F4
_lcd_init             text249      0685
_lcd_print            text248      0657
_led                  text254      058E
_main                 maintext     0609
_mobile_no            dataBANK1    00A0
_no_message           dataBANK0    003D
_phone                dataBANK0    0050
_send_message         dataBANK0    0020
_sensor               text247      06FC
_set_sms              dataBANK0    0031
_uart_init            text253      05CA
_uart_print           text252      061E
_uart_tx              text255      0599
btemp                 (abs)        007E
end_of_initialization cinit        0653
init_fetch            inittext     05A5
init_ram              inittext     05A9
intlevel0             functab      0000
intlevel1             functab      0000
intlevel2             functab      0000
intlevel3             functab      0000
intlevel4             functab      0000
intlevel5             functab      0000
lcd_cmd@cmd           cstackCOMMON 0072
lcd_data@data         cstackCOMMON 0072
lcd_print@str         cstackCOMMON 0076
reset_vec             reset_vec    0000
sensor@k              cstackCOMMON 007A
start                 init         0000
start_initialization  cinit        0638
uart_print@s          cstackCOMMON 0072
uart_tx@data          cstackCOMMON 0070
wtemp0                (abs)        007E
